../sub_1.git	sub_1	1a8a3434b4d89f9190248a4eea34c25f0c202308
../sub_2.git	sub_2	77e3e43f137cf909cf5015388f4a6a62d0d3ba0e
git://github.com/grahamc/sub3.git	sub_3	5c2ceb898350ca6eb657873de91a408b9153c867
git://github.com/grahamc/sub3.git	test foo/bar	5c2ceb898350ca6eb657873de91a408b9153c867
